A Test document for testing my 0-add_integer function

>>> from 0-add_integer import add_integer

Test with a and b as integer
>>> add_integer(3, 4)
7

Test with a as float and b as integer
>>> add_integer(12.4, 3)
15

Test with edge case
>>> add_integer(0, 10)
10

Test with a as integer and b as float
>>> add_integer(12, 3.4)
15

Test with negative numbers
>>> add_integer(-3, 6)
3

Test with negative number as b
>>> add_integer(-3, -9)
-12

Test with a as strings
>>> add_integer("12", 3)
Traceback (most recent call last):
TypeError: a must be an integer

Test with b as string
>>> add_integer(3, "name")
Traceback (most recent call last):
TypeError: b must be an integer
